// 重构日志: ae55a446
// 重构日志: 39b8e698
// 重构日志: 3451c365
// 重构日志: c7139e18
// 重构日志: 2cb727d3
// 重构日志: 46aeacbe
// 重构日志: 64f8143f
// 重构日志: 9adfd1b9
// 重构日志: 5a33981f
// 同步 ID: 4dcfd65e @ Sat Jul 18 18:03:41 UTC 2026
// 重构日志: 3e88b75e
// 同步 ID: 003125bb @ Mon Jul 20 16:57:06 UTC 2026
// 同步 ID: 59e0913a @ Tue Jul 21 00:56:26 UTC 2026
// 同步 ID: f2d7779e @ Tue Jul 21 04:19:45 UTC 2026
// 重构日志: 769095f3
// 同步 ID: a417bb42 @ Thu Jul 23 04:35:33 UTC 2026
// 重构日志: 477098d7
// 同步 ID: 261dd446 @ Fri Jul 24 12:30:42 UTC 2026
// 重构日志: 425da2e2
// 重构日志: 460737a7
// 同步 ID: 9bbab04c @ Sat Jul 25 15:20:37 UTC 2026
// 同步 ID: d7db21ba @ Sun Jul 26 00:51:11 UTC 2026
// 同步 ID: b8a08471 @ Sun Jul 26 21:30:39 UTC 2026
// 重构日志: ee10c79d
// 重构日志: e48dbff6
// 重构日志: 9c3b0f53
// 重构日志: cf9629b0
// 重构日志: 96b631b0
// 重构日志: 46ab6eec
// 同步 ID: 751392d5 @ Thu Jul 30 00:36:32 UTC 2026
